src/app/(dashboard)/scheduler/page.tsx(332,46): error TS2339: Property 'runs' does not exist on type '{ variants: VariantResult[]; }'.
src/app/(dashboard)/scheduler/page.tsx(332,59): error TS2339: Property 'data' does not exist on type '{ variants: VariantResult[]; }'.
